Usage: firsshow <cloud_name> <identifier> [key = all] 
