Current experiment identifier is "EXP-08-21-2013-02-53-55-PM-EDT".
