Usage: viewshow <cloud_name> <gobject> <criterion> <expression> [sorting = default] [gfilter = default] 
