Usage: aishow <cloud_name> <identifier> [key = all] 
