Usage: hostfail <cloud_name> <identifier> [firs = none] [mode] 
