Usage: aidetach <cloud_name> <identifier> [force = False] [mode] 
