
Documented commands (type help <topic>):
========================================
EOF          airun       firslist      shell       vmattach     vmrepair  
aialter      airunstate  firsshow      statealter  vmcalter     vmresize  
aiattach     aisave      hostfail      stateshow   vmcapture    vmrestore 
aicapture    aishow      hostlist      stats       vmcattach    vmresume  
aidetach     aisuspend   hostrepair    svmattach   vmccleanup   vmrun     
aidrsalter   cldalter    hostshow      svmdetach   vmcdetach    vmrunstate
aidrsattach  cldattach   monextract    svmfail     vmclist      vmsave    
aidrsdetach  clddefault  monlist       svmlist     vmcrsalter   vmshow    
aidrslist    clddetach   msgpub        svmshow     vmcrsattach  vmsuspend 
aidrsshow    cldlist     patternalter  trace       vmcrsdetach  waitfor   
aifail       cldshow     patternlist   typealter   vmcrslist    waiton    
ailist       echo        patternshow   typelist    vmcrsshow    waituntil 
airepair     expid       poollist      typeshow    vmcshow    
airesize     firsalter   rolealter     viewlist    vmdetach   
airestore    firsattach  rolelist      viewshow    vmfail     
airesume     firsdetach  roleshow      vmalter     vmlist     

Undocumented commands:
======================
exit  help  pause  quit

