Usage: vmcrsdetach <cloud_name> <identifier> [force = False] [mode] 
