AIs with the following types can be attached to to this experiment (Cloud TESTCLOUD) :
nullworkload, ddgen, mlg2, mlg, specjbb, coremark, netperf, hadoop, daytrader, hpcc, tradelite, filebench
