 status: Attribute "collect_from_host" was set to "false". Skipping Host OS performance monitor daemon startup
The global object "time" on Cloud TESTCLOUD was modified:
|"sub-attribute" (key)                |old value                          |new value                          
|experiment_id                        |EXP-07-01-2013-01-56-48-PM-EDT     |REGRESSION_A                       
