The following VMCRSs are attached to this experiment (Cloud TESTCLOUD) :
No objects available.
