Going to unconditionally wait for 1m (60 seconds). The command line interface will be blocked during the waiting.
Waited 10 seconds... (16.6666666667%)
Waited 20 seconds... (33.3333333333%)
Waited 30 seconds... (50.0%)
Waited 40 seconds... (66.6666666667%)
Waited 50 seconds... (83.3333333333%)
Waited 60 seconds... (100.0%)
Waited for 60 seconds.
The AIDRS object aidrs_2, attached to this experiment, has the following attributes (Cloud TESTCLOUD) :
|attribute (AIDRS object key)               |value                                
|ai_arrived                                 |30                                   
|ai_arriving                                |0                                    
|ai_departed                                |30                                   
|ai_failed                                  |2                                    
|ai_reservations                            |0                                    
|arrival                                    |1372702011                           
|base_dir                                   |/home/msilva/cloudbench/lib/auxiliary//../..
|cloud_hostname                             |undefined                            
|cloud_ip                                   |undefined                            
|cloud_name                                 |TESTCLOUD                            
|command                                    |aidrsattach TESTCLOUD simplenw empty=empty
|command_originated                         |1372702011                           
|counter                                    |391                                  
|daemon_parallelism                         |50                                   
|detach_parallelism                         |20                                   
|experiment_id                              |REGRESSION_B                         
|iait                                       |6                                    
|identity                                   |/home/msilva/cloudbench/lib/auxiliary//../../credentials/bogus_id_rsa
|lifetime                                   |uniformIXIXI200I300                  
|load_duration                              |uniformIXIXI40I60                    
|load_level                                 |uniformIXIXI1I3                      
|login                                      |klabuser                             
|max_ais                                    |5                                    
|mgt_001_provisioning_request_originated    |1372702011                           
|model                                      |sim                                  
|name                                       |aidrs_2                              
|notification                               |False                                
|nr_ais                                     |5                                    
|pattern                                    |simplenw                             
|ssh_key_name                               |bogus_id_rsa                         
|state                                      |attached                             
|submitter                                  |True                                 
|temp_attr_list                             |empty=empty                          
|tracking                                   |none                                 
|type                                       |nullworkload                         
|update_attempts                            |720                                  
|update_frequency                           |1                                    
|username                                   |msilva                               
|uuid                                       |07BE369A-98CF-5821-AA66-BE830AF784EA 
|vm_arrived                                 |117                                  
|vm_arriving                                |0                                    
|vm_departed                                |117                                  
|vm_failed                                  |4                                    
|vm_reservations                            |0                                    
|vmc_arrived                                |16                                   
|vmc_departed                               |12                                   
|vmc_failed                                 |0                                    

The following AIDRSs are attached to this experiment (Cloud TESTCLOUD) :
|name                |pattern                |type              
|aidrs_2             |simplenw               |nullworkload      

The following AIs are attached to this experiment (Cloud TESTCLOUD) :
|name      |type           |sut                                               |cloud_ip        |arrival        |aidrs                                   |uuid
|ai_33     |nullworkload   |1_x_tinyvm                                        |232.172.179.128 |1372702014     |aidrs_2                                 |FCDE28AA-3636-5A8C-8BC5-AB5C350E6AC4
|ai_34     |nullworkload   |1_x_tinyvm                                        |200.27.136.255  |1372702023     |aidrs_2                                 |2F5AF00E-41E5-5F77-A5A4-941CD841C0B8
|ai_35     |nullworkload   |1_x_tinyvm                                        |84.215.147.221  |1372702029     |aidrs_2                                 |EA7E2963-412C-5BA7-BE65-B167989FA633
|ai_36     |nullworkload   |1_x_tinyvm                                        |172.246.244.181 |1372702035     |aidrs_2                                 |273BAA1A-2785-52E2-933B-2A9B71400EE5
|ai_37     |nullworkload   |1_x_tinyvm                                        |190.223.144.143 |1372702041     |aidrs_2                                 |DBFA471C-C8CC-5848-8EE5-60BEA972C41D

The following VMs are attached to this experiment (Cloud TESTCLOUD) :
|name          |role                |size        |cloud_ip        |host_name                  |vmc_pool            |ai      |aidrs      |uuid
|vm_122        |tinyvm              |pico32      |232.172.179.128 |simhosta0                  |SUT                 |ai_33   |aidrs_2    |C3AC2A4F-8CF4-5E3F-9178-ECE67DB6B147
|vm_123        |tinyvm              |pico32      |200.27.136.255  |simhostb1                  |SUT                 |ai_34   |aidrs_2    |871119EE-4D25-5086-9975-4AA2DE4C2AFB
|vm_124        |tinyvm              |pico32      |84.215.147.221  |simhostc0                  |SUT                 |ai_35   |aidrs_2    |9873F797-0801-562E-A98A-EE6275029E9C
|vm_125        |tinyvm              |pico32      |172.246.244.181 |simhostb3                  |SUT                 |ai_36   |aidrs_2    |17410531-F22F-5A74-AF3B-F02659BFD3A5
|vm_126        |tinyvm              |pico32      |190.223.144.143 |simhostb0                  |SUT                 |ai_37   |aidrs_2    |58D1A2BD-1092-52B8-ACB3-84329A9887A0

The following statistics are available on this experiment (Cloud TESTCLOUD) :
------------------------- OBJECT STORE -----------------------
|Metric                                               |Value                         
|Used Memory                                          |44.47M                        
|Redis Version                                        |2.5.12                        
|Uptime (in seconds)                                  |11740856                      
|Total Connections Received                           |6492815                       
|Total Commands Processed                             |92876072                      
|Number of Keys                                       |734                           
------------------------- METRIC STORE -----------------------
|Metric                                               |Value                         
|MongoDB Version                                      |2.0.6                         
|Storage Size                                         |13967327232.0                 
|Data Size                                            |12134575020.0                 
|Index Size                                           |502930288                     
|Average Object Size                                  |6345.39009436                 
|Collections                                          |62                            
--------------------- EXPERIMENT OBJECTS ---------------------
|Object                                               |Count                         
|VMCs                                                 |4                             
|HOSTs                                                |20                            
|VMs                                                  |5                             
|SVMs                                                 |0                             
|AIs                                                  |5                             
|AIDRSs                                               |1                             
|VMCRSs                                               |0                             
|FIRSs                                                |0                             
------------------ EXPERIMENT-WIDE COUNTERS ------------------
|Counter                                              |Value                         
|VMC RESERVATIONS                                     |4                             
|VMCs ARRIVED                                         |16                            
|VMCs ARRIVING                                        |0                             
|VMCs DEPARTED                                        |12                            
|VMCs DEPARTING                                       |0                             
|VMCs FAILED                                          |0                             
|HOST RESERVATIONS                                    |0                             
|HOSTs ARRIVED                                        |0                             
|HOSTs ARRIVING                                       |0                             
|HOSTs DEPARTED                                       |0                             
|HOSTs DEPARTING                                      |0                             
|HOSTs FAILED                                         |0                             
|VM RESERVATIONS                                      |5                             
|VMs ARRIVED                                          |122                           
|VMs ARRIVING                                         |0                             
|VMs CAPTURING                                        |0                             
|VMs DEPARTED                                         |117                           
|VMs DEPARTING                                        |0                             
|VMs FAILED                                           |4                             
|SVM RESERVATIONS                                     |0                             
|SVMs ARRIVED                                         |0                             
|SVMs ARRIVING                                        |0                             
|SVMs DEPARTED                                        |0                             
|SVMs DEPARTING                                       |0                             
|SVMs FAILED                                          |0                             
|AI RESERVATIONS                                      |5                             
|AIs ARRIVED                                          |35                            
|AIs ARRIVING                                         |0                             
|AIs CAPTURING                                        |0                             
|AIs DEPARTED                                         |30                            
|AIs DEPARTING                                        |0                             
|AIs FAILED                                           |2                             
|AIDRS RESERVATIONS                                   |1                             
|AIDRSs ARRIVED                                       |2                             
|AIDRSs ARRIVING                                      |0                             
|AIDRSs DEPARTED                                      |1                             
|AIDRSs DEPARTING                                     |0                             
|AIDRSs FAILED                                        |0                             
|VMCRS RESERVATIONS                                   |0                             
|VMCRSs ARRIVED                                       |0                             
|VMCRSs ARRIVING                                      |0                             
|VMCRSs DEPARTED                                      |0                             
|VMCRSs DEPARTING                                     |0                             
|VMCRSs FAILED                                        |0                             
|FIRS RESERVATIONS                                    |0                             
|FIRSs ARRIVED                                        |0                             
|FIRSs ARRIVING                                       |0                             
|FIRSs DEPARTED                                       |0                             
|FIRSs DEPARTING                                      |0                             
|FIRSs FAILED                                         |0                             
|EXPERIMENT COUNTER                                   |401                           

 ---------------- VMC-WIDE COUNTERS ----------------
|CB27A579-597C-52AC-B148-644E81A7D93C (simzone_d) VM RESERVATIONS|0                             
|D7D3EB8C-8813-524D-9C2D-7FD7626D4BCC (simzone_b) VM RESERVATIONS|3                             
|97FF48D4-05C4-54D7-B1D8-828EED2A2B20 (simzone_a) VM RESERVATIONS|1                             
|A708E2EA-221A-57ED-BAE8-15077C3E391A (simzone_c) VM RESERVATIONS|1                             

 ---------------- AIDRS-WIDE COUNTERS ----------------
|07BE369A-98CF-5821-AA66-BE830AF784EA (aidrs_2) AI RESERVATIONS|5                             

