Usage: svmlist <cloud_name> [state = default] [limit = none] 
