Usage: aisave <cloud_name> <identifier> [firs = none] [mode] 
